\BOOKMARK [1][-]{section.1}{\376\377\137\025\212\000}{}% 1
\BOOKMARK [1][-]{section.2}{\376\377\127\372\170\100\167\345\213\306}{}% 2
\BOOKMARK [2][-]{subsection.2.1}{\376\377\000S\000P\000H\000I\000N\000C\000S\000+\377\032\145\340\162\266\140\001\127\372\116\216\124\310\136\014\166\204\173\176\124\015\145\271\150\110}{section.2}% 3
\BOOKMARK [2][-]{subsection.2.2}{\376\377\000F\000i\000s\000c\000h\000l\000i\000n\000\040\166\362\173\176\124\015\150\106\147\266\166\204\157\024\217\333}{section.2}% 4
\BOOKMARK [2][-]{subsection.2.3}{\376\377\000P\000o\000s\000e\000i\000d\000o\000n\0002\377\032\227\142\124\021\173\227\147\057\123\026\166\204\124\310\136\014\121\375\145\160}{section.2}% 5
\BOOKMARK [2][-]{subsection.2.4}{\376\377\000S\000T\000A\000R\000K\000\040\213\301\146\016\174\373\176\337}{section.2}% 6
\BOOKMARK [1][-]{section.3}{\376\377\124\016\221\317\133\120\166\362\173\176\124\015\377\032\142\200\147\057\163\260\162\266}{}% 7
\BOOKMARK [2][-]{subsection.3.1}{\376\377\127\372\116\216\150\074\166\204\147\204\220\040}{section.3}% 8
\BOOKMARK [2][-]{subsection.3.2}{\376\377\127\372\116\216\124\310\136\014\166\204\166\362\173\176\124\015\377\032\145\260\121\164\122\115\154\277}{section.3}% 9
\BOOKMARK [2][-]{subsection.3.3}{\376\377\123\077\124\015\121\355\213\301\116\016\146\364\136\177\154\333\166\204\136\224\165\050}{section.3}% 10
\BOOKMARK [1][-]{section.4}{\376\377\227\142\124\021\173\227\147\057\123\026\166\204\124\310\136\014\121\375\145\160\123\312\121\166\000\040\000Z\000K\000\040\145\110\163\207}{}% 11
\BOOKMARK [1][-]{section.5}{\376\377\127\372\116\216\000\040\000S\000T\000A\000R\000K\000\040\166\204\173\176\124\015\143\001\147\011\213\301\146\016}{}% 12
\BOOKMARK [1][-]{section.6}{\376\377\170\024\172\166\172\172\166\175\116\016\230\171\166\356\133\232\117\115}{}% 13
\BOOKMARK [2][-]{subsection.6.1}{\376\377\000G\000-\0001\377\032\177\072\116\117\121\167\117\123\000\040\000S\000P\000H\000I\000N\000C\000S\000+\000-\000F\000i\000s\000c\000h\000l\000i\000n\000\040\133\236\117\213\123\026}{section.6}% 14
\BOOKMARK [2][-]{subsection.6.2}{\376\377\000G\000-\0002\377\032\177\072\116\117\000\040\000P\000o\000s\000e\000i\000d\000o\000n\0002\040\023\000S\000P\000H\000I\000N\000C\000S\000+\000\040\123\117\124\014\213\276\213\241\122\006\147\220}{section.6}% 15
\BOOKMARK [2][-]{subsection.6.3}{\376\377\000G\000-\0003\377\032\177\072\116\117\124\310\136\014\000\040\000v\000s\000\040\150\074\166\362\173\176\124\015\127\372\121\306\133\371\153\324}{section.6}% 16
\BOOKMARK [2][-]{subsection.6.4}{\376\377\116\011\134\102\117\123\174\373\176\323\147\204}{section.6}% 17
\BOOKMARK [1][-]{section.7}{\376\377\116\224\176\364\133\371\153\324\122\006\147\220}{}% 18
\BOOKMARK [1][-]{section.8}{\376\377\176\323\213\272}{}% 19
\BOOKMARK [2][-]{subsection.8.1}{\376\377\147\052\147\145\135\345\117\134\136\372\213\256}{section.8}% 20
