\BOOKMARK [1][-]{section.1}{\376\377\137\025\212\000}{}% 1
\BOOKMARK [2][-]{subsection.1.1}{\376\377\124\016\221\317\133\120\217\301\171\373\116\016\226\220\171\301\117\335\142\244\166\204\177\072\123\343}{section.1}% 2
\BOOKMARK [2][-]{subsection.1.2}{\376\377\163\260\147\011\124\016\221\317\133\120\166\362\173\176\124\015\215\357\176\277}{section.1}% 3
\BOOKMARK [2][-]{subsection.1.3}{\376\377\150\070\137\303\170\024\172\166\172\172\166\175\116\016\147\054\145\207\215\041\163\056}{section.1}% 4
\BOOKMARK [2][-]{subsection.1.4}{\376\377\116\016\116\247\116\032\142\200\147\057\150\010\166\204\121\163\174\373}{section.1}% 5
\BOOKMARK [2][-]{subsection.1.5}{\376\377\213\272\145\207\176\323\147\204}{section.1}% 6
\BOOKMARK [1][-]{section.2}{\376\377\230\204\131\007\167\345\213\306}{}% 7
\BOOKMARK [2][-]{subsection.2.1}{\376\377\173\046\123\367\176\246\133\232}{section.2}% 8
\BOOKMARK [2][-]{subsection.2.2}{\376\377\000S\000P\000H\000I\000N\000C\000S\000+\000\040\173\176\124\015\145\271\150\110}{section.2}% 9
\BOOKMARK [2][-]{subsection.2.3}{\376\377\000F\000i\000s\000c\000h\000l\000i\000n\000\040\166\362\173\176\124\015\150\106\147\266}{section.2}% 10
\BOOKMARK [2][-]{subsection.2.4}{\376\377\000P\000o\000s\000e\000i\000d\000o\000n\0002\000\040\155\167\176\365\147\204\220\040}{section.2}% 11
\BOOKMARK [2][-]{subsection.2.5}{\376\377\000S\000T\000A\000R\000K\000\040\213\301\146\016\174\373\176\337\116\016\000\040\000W\000i\000n\000t\000e\000r\000f\000e\000l\000l}{section.2}% 12
\BOOKMARK [1][-]{section.3}{\376\377\145\271\150\110\147\204\220\040}{}% 13
\BOOKMARK [2][-]{subsection.3.1}{\376\377\000P\000o\000s\000e\000i\000d\000o\000n\0002\000\040\117\134\116\072\000\040\000S\000P\000H\000I\000N\000C\000S\000+\000\040\166\204\123\357\214\003\124\310\136\014}{section.3}% 14
\BOOKMARK [3][-]{subsubsection.3.1.1}{\376\377\000T\000H\000A\000S\000H\000\040\133\236\117\213\123\026}{subsection.3.1}% 15
\BOOKMARK [3][-]{subsubsection.3.1.2}{\376\377\000A\000D\000R\000S\000\040\177\026\170\001\116\016\131\032\166\356\150\007\226\062\142\244}{subsection.3.1}% 16
\BOOKMARK [3][-]{subsubsection.3.1.3}{\376\377\123\302\145\160\220\011\142\351}{subsection.3.1}% 17
\BOOKMARK [2][-]{subsection.3.2}{\376\377\000F\000i\000s\000c\000h\000l\000i\000n\000\040\166\362\173\176\124\015\123\117\213\256\133\236\117\213\123\026}{section.3}% 18
\BOOKMARK [3][-]{subsubsection.3.2.1}{\376\377\123\117\213\256\211\322\202\162\116\016\155\101\172\013}{subsection.3.2}% 19
\BOOKMARK [3][-]{subsubsection.3.2.2}{\376\377\123\117\213\256\213\346\176\306\153\145\232\244}{subsection.3.2}% 20
\BOOKMARK [3][-]{subsubsection.3.2.3}{\376\377\121\154\137\000\217\223\121\145\116\016\116\012\116\013\145\207\176\321\133\232}{subsection.3.2}% 21
\BOOKMARK [3][-]{subsubsection.3.2.4}{\376\377\116\016\000\040\000B\000o\000u\000i\000l\000l\000a\000g\000u\000e\000t\000\040\177\026\213\321\126\150\166\204\121\163\174\373}{subsection.3.2}% 22
\BOOKMARK [2][-]{subsection.3.3}{\376\377\000F\000u\000l\000l\000-\000A\000I\000R\000\040\000S\000T\000A\000R\000K\000\040\213\301\146\016\174\373\176\337}{section.3}% 23
\BOOKMARK [3][-]{subsubsection.3.3.1}{\376\377\213\276\213\241\123\237\122\031\377\032\121\150\121\205\165\037\213\301\146\016}{subsection.3.3}% 24
\BOOKMARK [3][-]{subsubsection.3.3.2}{\376\377\142\147\210\114\215\337\216\052\147\204\136\372}{subsection.3.3}% 25
\BOOKMARK [3][-]{subsubsection.3.3.3}{\376\377\000A\000I\000R\000\040\176\246\147\137\174\373\176\337}{subsection.3.3}% 26
\BOOKMARK [3][-]{subsubsection.3.3.4}{\376\377\213\301\146\016\165\037\142\020\116\016\232\214\213\301\123\302\145\160}{subsection.3.3}% 27
\BOOKMARK [1][-]{section.4}{\376\377\133\211\121\150\122\006\147\220}{}% 28
\BOOKMARK [2][-]{subsection.4.1}{\376\377\126\333\134\102\152\041\127\127\123\026\137\122\176\246\150\106\147\266}{section.4}% 29
\BOOKMARK [2][-]{subsection.4.2}{\376\377\000P\000o\000s\000e\000i\000d\000o\000n\0002\000\040\156\341\215\263\000\040\000T\000H\000F\000\040\126\333\140\047\215\050}{section.4}% 30
\BOOKMARK [3][-]{subsubsection.4.2.1}{\376\377\000S\000M\000-\000T\000C\000R\377\010\123\125\121\375\145\160\131\032\166\356\150\007\170\260\144\236\142\265\142\227\377\011}{subsection.4.2}% 31
\BOOKMARK [3][-]{subsubsection.4.2.2}{\376\377\000S\000M\000-\000D\000S\000P\000R\377\010\123\125\121\375\145\160\131\032\166\356\150\007\121\263\133\232\140\047\173\054\116\214\123\237\120\317\142\265\142\227\377\011}{subsection.4.2}% 32
\BOOKMARK [3][-]{subsubsection.4.2.3}{\376\377\000S\000M\000-\000P\000R\000E\377\010\123\125\121\375\145\160\131\032\166\356\150\007\123\237\120\317\142\265\142\227\377\011}{subsection.4.2}% 33
\BOOKMARK [3][-]{subsubsection.4.2.4}{\376\377\000S\000M\000-\000U\000D\377\010\123\125\121\375\145\160\131\032\166\356\150\007\116\015\123\357\123\072\122\006\140\047\377\011}{subsection.4.2}% 34
\BOOKMARK [3][-]{subsubsection.4.2.5}{\376\377\131\032\166\356\150\007\133\211\121\150\217\271\226\105\213\304\117\060}{subsection.4.2}% 35
\BOOKMARK [2][-]{subsection.4.3}{\376\377\000F\000i\000s\000c\000h\000l\000i\000n\000\040\166\362\173\176\124\015\133\211\121\150\140\047}{section.4}% 36
\BOOKMARK [3][-]{subsubsection.4.3.1}{\376\377\000B\000l\000i\000n\000d\000n\000e\000s\000s\377\010\166\362\140\047\377\011}{subsection.4.3}% 37
\BOOKMARK [3][-]{subsubsection.4.3.2}{\376\377\000O\000n\000e\000-\000M\000o\000r\000e\000\040\000U\000n\000f\000o\000r\000g\000e\000a\000b\000i\000l\000i\000t\000y\377\010\116\000\131\032\116\015\123\357\117\052\220\040\140\047\377\011}{subsection.4.3}% 38
\BOOKMARK [3][-]{subsubsection.4.3.3}{\376\377\000S\000T\000A\000R\000K\000\040\000S\000o\000u\000n\000d\000n\000e\000s\000s}{subsection.4.3}% 39
\BOOKMARK [2][-]{subsection.4.4}{\376\377\123\302\145\160\133\211\121\150\140\047\213\304\117\060}{section.4}% 40
\BOOKMARK [2][-]{subsection.4.5}{\376\377\137\123\122\115\134\100\226\120\140\047}{section.4}% 41
\BOOKMARK [1][-]{section.5}{\376\377\133\236\163\260\116\016\213\304\117\060}{}% 42
\BOOKMARK [2][-]{subsection.5.1}{\376\377\133\236\163\260\151\202\211\310}{section.5}% 43
\BOOKMARK [2][-]{subsection.5.2}{\376\377\155\113\213\325\116\016\153\143\170\156\140\047\232\214\213\301}{section.5}% 44
\BOOKMARK [2][-]{subsection.5.3}{\376\377\140\047\200\375\127\372\121\306}{section.5}% 45
\BOOKMARK [3][-]{subsubsection.5.3.1}{\376\377\133\236\232\214\163\257\130\203}{subsection.5.3}% 46
\BOOKMARK [3][-]{subsubsection.5.3.2}{\376\377\150\070\137\303\140\047\200\375\143\007\150\007}{subsection.5.3}% 47
\BOOKMARK [3][-]{subsubsection.5.3.3}{\376\377\116\016\150\074\127\372\145\271\150\110\133\371\153\324}{subsection.5.3}% 48
\BOOKMARK [2][-]{subsection.5.4}{\376\377\123\072\127\127\224\376\127\072\146\157\220\002\165\050\140\047\122\006\147\220}{section.5}% 49
\BOOKMARK [3][-]{subsubsection.5.4.1}{\376\377\127\072\146\157\116\000\377\032\123\077\124\015\121\355\213\301\116\016\224\376\116\012\216\253\116\375}{subsection.5.4}% 50
\BOOKMARK [3][-]{subsubsection.5.4.2}{\376\377\127\072\146\157\116\214\377\032\147\072\147\204\124\010\211\304\213\301\146\016}{subsection.5.4}% 51
\BOOKMARK [3][-]{subsubsection.5.4.3}{\376\377\224\376\116\012\232\214\213\301\142\020\147\054\122\006\147\220}{subsection.5.4}% 52
\BOOKMARK [3][-]{subsubsection.5.4.4}{\376\377\116\247\116\032\142\200\147\057\150\010\232\214\213\301}{subsection.5.4}% 53
\BOOKMARK [3][-]{subsubsection.5.4.5}{\376\377\137\123\122\115\145\271\150\110\134\100\226\120\140\047}{subsection.5.4}% 54
\BOOKMARK [2][-]{subsection.5.5}{\376\377\116\016\124\016\221\317\133\120\166\362\173\176\124\015\145\271\150\110\166\204\176\374\124\010\133\371\153\324}{section.5}% 55
\BOOKMARK [1][-]{section.6}{\376\377\166\370\121\163\135\345\117\134}{}% 56
\BOOKMARK [2][-]{subsection.6.1}{\376\377\000S\000P\000H\000I\000N\000C\000S\000+\000\040\124\310\136\014\146\377\143\142}{section.6}% 57
\BOOKMARK [2][-]{subsection.6.2}{\376\377\124\016\221\317\133\120\166\362\173\176\124\015}{section.6}% 58
\BOOKMARK [2][-]{subsection.6.3}{\376\377\000Z\000K\000\040\123\313\131\175\124\310\136\014\116\016\000\040\000S\000T\000A\000R\000K\000\040\213\301\146\016\174\373\176\337}{section.6}% 59
\BOOKMARK [2][-]{subsection.6.4}{\376\377\123\072\127\127\224\376\226\220\171\301\117\335\142\244}{section.6}% 60
\BOOKMARK [1][-]{section.7}{\376\377\176\323\213\272}{}% 61
\BOOKMARK [2][-]{subsection.7.1}{\376\377\147\052\147\145\135\345\117\134}{section.7}% 62
